MO wordmatch NULL wordmatch.vf vlg75/wordmatch.bin 1769867397
MO FD8CE_MXILINX_reg9B NULL reg9B.vf vlg66/_f_d8_c_e___m_x_i_l_i_n_x__reg9_b.bin 1769867397
MO OR8_MXILINX_wordmatch NULL wordmatch.vf vlg65/_o_r8___m_x_i_l_i_n_x__wordmatch.bin 1769867397
MO FD16CE_MXILINX_reg9B NULL reg9B.vf vlg41/_f_d16_c_e___m_x_i_l_i_n_x__reg9_b.bin 1769867397
MO reg9B NULL reg9B.vf vlg11/reg9_b.bin 1769867397
